admin@EkandisPC MINGW64 ~
$ cd C:/IT/git/second

admin@EkandisPC MINGW64 /c/IT/git/second (master)
$ pwd
/c/IT/git/second

admin@EkandisPC MINGW64 /c/IT/git/second (master)
$ ls
README.txt

admin@EkandisPC MINGW64 /c/IT/git/second (master)
$ ls -a
./  ../  .git/  README.txt

admin@EkandisPC MINGW64 /c/IT/git/second (master)
$ git status
On branch master

No commits yet

Untracked files:
  (use "git add <file>..." to include in what will be committed)
        README.txt

nothing added to commit but untracked files present (use "git add" to track)

admin@EkandisPC MINGW64 /c/IT/git/second (master)
$ git add README.txt

admin@EkandisPC MINGW64 /c/IT/git/second (master)
$

admin@EkandisPC MINGW64 /c/IT/git/second (master)
$

admin@EkandisPC MINGW64 /c/IT/git/second (master)
$ git status
On branch master

No commits yet

Changes to be committed:
  (use "git rm --cached <file>..." to unstage)
        new file:   README.txt


admin@EkandisPC MINGW64 /c/IT/git/second (master)
$ git commit -m "Добавлен файл README.txt"
[master (root-commit) 7c0bfbe] Добавлен файл README.txt
 1 file changed, 1 insertion(+)
 create mode 100644 README.txt

admin@EkandisPC MINGW64 /c/IT/git/second (master)
$ git status
On branch master
nothing to commit, working tree clean

admin@EkandisPC MINGW64 /c/IT/git/second (master)
$ git status
On branch master
Changes not staged for commit:
  (use "git add <file>..." to update what will be committed)
  (use "git restore <file>..." to discard changes in working directory)
        modified:   README.txt

no changes added to commit (use "git add" and/or "git commit -a")

admin@EkandisPC MINGW64 /c/IT/git/second (master)
$ git add README.txt

admin@EkandisPC MINGW64 /c/IT/git/second (master)
$ git status
On branch master
Changes to be committed:
  (use "git restore --staged <file>..." to unstage)
        modified:   README.txt


admin@EkandisPC MINGW64 /c/IT/git/second (master)
$ git commit -m "Изменён файл README.txt"
[master 5512cf1] Изменён файл README.txt
 1 file changed, 3 insertions(+), 1 deletion(-)

admin@EkandisPC MINGW64 /c/IT/git/second (master)
$ git log
commit 5512cf10a67045b733f48a049603fb662e56f620 (HEAD -> master)
Author: Евгений Кудрин <kudrin1209@gmail.com>
Date:   Mon Mar 17 18:14:59 2025 +0500

    Изменён файл README.txt

commit 7c0bfbe1c2851b5b52ef76bd87359fb1eee77dcf
Author: Евгений Кудрин <kudrin1209@gmail.com>
Date:   Mon Mar 17 18:12:33 2025 +0500

    Добавлен файл README.txt

admin@EkandisPC MINGW64 /c/IT/git/second (master)
$ git clone https:/github.com/kudrineka/second.git second
Cloning into 'second'...
ssh: Could not resolve hostname https: Name or service not known
fatal: Could not read from remote repository.

Please make sure you have the correct access rights
and the repository exists.

admin@EkandisPC MINGW64 /c/IT/git/second (master)
$ git clone https:/github.com/kudrineka/second.git test
Cloning into 'test'...
ssh: Could not resolve hostname https: Name or service not known
fatal: Could not read from remote repository.

Please make sure you have the correct access rights
and the repository exists.

admin@EkandisPC MINGW64 /c/IT/git/second (master)
$ git clone https://github.com/kudrineka/second.git second
Cloning into 'second'...
remote: Enumerating objects: 3, done.
remote: Counting objects: 100% (3/3), done.
remote: Total 3 (delta 0), reused 0 (delta 0), pack-reused 0 (from 0)
Receiving objects: 100% (3/3), done.

admin@EkandisPC MINGW64 /c/IT/git/second (master)
$ git add message.txt
fatal: pathspec 'message.txt' did not match any files

admin@EkandisPC MINGW64 /c/IT/git/second (master)
$ cd second

admin@EkandisPC MINGW64 /c/IT/git/second/second (main)
$ git add message.txt

admin@EkandisPC MINGW64 /c/IT/git/second/second (main)
$ git commit -m "Message"
[main 45a5fc4] Message
 1 file changed, 3 insertions(+)
 create mode 100644 message.txt

admin@EkandisPC MINGW64 /c/IT/git/second/second (main)
$ git push
Enumerating objects: 4, done.
Counting objects: 100% (4/4), done.
Delta compression using up to 12 threads
Compressing objects: 100% (3/3), done.
Writing objects: 100% (3/3), 408 bytes | 408.00 KiB/s, done.
Total 3 (delta 0), reused 0 (delta 0), pack-reused 0 (from 0)
To https://github.com/kudrineka/second.git
   159f0cf..45a5fc4  main -> main
